errro 1
